Microchip MPLAB XC8 Compiler V2.50

Linker command line:

-W-3 --edf=/Applications/microchip/xc8/v2.50/pic/dat/20240725155939_en.msgs \
  -cn -h+dist/default/debug/final_project.X.debug.sym \
  --cmf=dist/default/debug/final_project.X.debug.cmf -z -Q18F4520 \
  -o/tmp/xcWQxrpG0/driver_tmp_3.o --defsym=__MPLAB_BUILD=1 \
  --fixupoverflow=error -Mdist/default/debug/final_project.X.debug.map \
  --md=/tmp/xcWQxrpG0/driver_tmp_0.dat -E1 -ver=XC8 Compiler --acfsm=1493 \
  -ACODE=00h-07DBFh -ACONST=00h-07DBFh \
  -ASMALLCONST=0600h-06FFhx119,07D00h-07DBFh -AMEDIUMCONST=0600h-07DBFh \
  -ACOMRAM=01h-07Fh -AABS1=00h-05F3h -ABIGRAM=01h-05F3h \
  -ARAM=080h-0FFh,0100h-01FFhx4,0500h-05F3h -ABANK0=080h-0FFh \
  -ABANK1=0100h-01FFh -ABANK2=0200h-02FFh -ABANK3=0300h-03FFh \
  -ABANK4=0400h-04FFh -ABANK5=0500h-05F3h \
  -ASFR=0F80h-0F9Bh,0F9Dh-0FD3h,0FD5h-0FDAh,0FE0h-0FE2h,0FE8h-0FEAh,0FF0h-0FFCh \
  -ABIGSFR=0F80h-0F9Bh,0F9Dh-0FD3h,0FD5h-0FDAh,0FE0h-0FE2h,0FE8h-0FEAh,0FF0h-0FFCh \
  -ACONFIG=0300000h-030000Dh -AIDLOC=0200000h-0200007h \
  -AEEDATA=0F00000h-0F000FFh -peeprom_data=EEDATA \
  -preset_vec=00h,intcode=8h,intcodelo=18h,powerup,init -pramtop=0600h \
  -psmallconst=SMALLCONST -pmediumconst=MEDIUMCONST -pconst=CONST \
  -AFARRAM=00h-00h \
  -prdata=COMRAM,nvrram=COMRAM,nvbit=COMRAM,rbss=COMRAM,rbit=COMRAM \
  -pfarbss=FARRAM,fardata=FARRAM,nvFARRAM=FARRAM \
  -pintsave_regs=BIGRAM,bigbss=BIGRAM,bigdata=BIGRAM -pbss=RAM \
  -pidata=CODE,irdata=CODE,ibigdata=CODE,ifardata=CODE -prparam=COMRAM \
  /tmp/xcWQxrpG0/driver_tmp_9.o dist/default/debug/final_project.X.debug.o 

Object code version is 3.11

Machine type is 18F4520



                Name                               Link     Load   Length Selector   Space Scale
/tmp/xcWQxrpG0/driver_tmp_9.o
                config                           300000   300000        E        0       4
                init                                186      186        4        C       0
                reset_vec                             0        0        4        0       0
dist/default/debug/final_project.X.debug.o
                intcodelo                            18       18      16E        C       0
                intcode                               8        8        6        4       0
                config                           300000   300000        E        0       4
                temp                                 7E       7E        1        1       1
                smallconst                          600      600        6      300       0
                intcode_body                       2BDE     2BDE       42      303       0
                text33                             2D0A     2D0A        A     1674       0
                text32                             1B54     1B54      390      303       0
                text31                             139C     139C      426      303       0
                text30                             2834     2834      106      303       0
                text29                             22CA     22CA      1B4      303       0
                text28                             247E     247E      166      303       0
                text27                             2CCC     2CCC        E      303       0
                text26                             2C20     2C20       28      303       0
                text25                             2C7E     2C7E       16      303       0
                text24                             2ABC     2ABC       4A      303       0
                text23                              ABE      ABE      4B6      303       0
                text21                             2C68     2C68       16      303       0
                text20                             2B96     2B96       48      303       0
                text19                             2C48     2C48       20      303       0
                text18                             2D1C     2D1C        8     1674       0
                text17                             2CBC     2CBC       10      303       0
                text16                             2D00     2D00        A     1674       0
                text15                              606      606      4B8      303       0
                text14                             17C2     17C2      392      303       0
                text13                              F74      F74      428      303       0
                text12                             272C     272C      108      303       0
                text11                             2112     2112      1B8      303       0
                text10                             293A     293A       C4      303       0
                text9                              25E4     25E4      148      303       0
                text8                              2B4E     2B4E       48      303       0
                text7                              2CA8     2CA8       14      303       0
                text6                              2CF4     2CF4        C     1674       0
                text5                              2C94     2C94       14      303       0
                text4                              2A70     2A70       4C      303       0
                text3                              1EE4     1EE4      22E      303       0
                text2                              2D14     2D14        8     1674       0
                text1                              2B06     2B06       48      303       0
                text0                              2CE8     2CE8        C     1674       0
                cstackCOMRAM                          1        1       79        1       1
                cstackBANK0                          80       80       7D       80       1
                dataBANK1                           18E      18E        D      100       1
                bssBANK1                            100      100       8E      100       1
                dataBANK0                            FD       FD        2       80       1
                dataCOMRAM                           7C       7C        2        1       1
                bssCOMRAM                            7A       7A        2        1       1
                cinit                              29FE     29FE       72      303       0
                idataBANK1                         2CDA     2CDA        D      303       0
                idataBANK0                         2D26     2D26        2     1674       0
                idataCOMRAM                        2D24     2D24        2     1674       0

TOTAL           Name                               Link     Load   Length     Space
        CLASS   CODE           
                intcodelo                            18       18      16E         0
                intcode                               8        8        6         0
                init                                186      186        4         0
                reset_vec                             0        0        4         0
                intcode_body                       2BDE     2BDE       42         0
                text33                             2D0A     2D0A        A         0
                text32                             1B54     1B54      390         0
                text31                             139C     139C      426         0
                text30                             2834     2834      106         0
                text29                             22CA     22CA      1B4         0
                text28                             247E     247E      166         0
                text27                             2CCC     2CCC        E         0
                text26                             2C20     2C20       28         0
                text25                             2C7E     2C7E       16         0
                text24                             2ABC     2ABC       4A         0
                text23                              ABE      ABE      4B6         0
                text21                             2C68     2C68       16         0
                text20                             2B96     2B96       48         0
                text19                             2C48     2C48       20         0
                text18                             2D1C     2D1C        8         0
                text17                             2CBC     2CBC       10         0
                text16                             2D00     2D00        A         0
                text15                              606      606      4B8         0
                text14                             17C2     17C2      392         0
                text13                              F74      F74      428         0
                text12                             272C     272C      108         0
                text11                             2112     2112      1B8         0
                text10                             293A     293A       C4         0
                text9                              25E4     25E4      148         0
                text8                              2B4E     2B4E       48         0
                text7                              2CA8     2CA8       14         0
                text6                              2CF4     2CF4        C         0
                text5                              2C94     2C94       14         0
                text4                              2A70     2A70       4C         0
                text3                              1EE4     1EE4      22E         0
                text2                              2D14     2D14        8         0
                text1                              2B06     2B06       48         0
                text0                              2CE8     2CE8        C         0
                cinit                              29FE     29FE       72         0
                idataBANK1                         2CDA     2CDA        D         0
                idataBANK0                         2D26     2D26        2         0
                idataCOMRAM                        2D24     2D24        2         0

        CLASS   CONST          

        CLASS   SMALLCONST     
                smallconst                          600      600        6         0

        CLASS   MEDIUMCONST    

        CLASS   COMRAM         
                temp                                 7E       7E        1         1
                cstackCOMRAM                          1        1       79         1
                dataCOMRAM                           7C       7C        2         1
                bssCOMRAM                            7A       7A        2         1

        CLASS   ABS1           

        CLASS   BIGRAM         

        CLASS   RAM            

        CLASS   BANK0          
                cstackBANK0                          80       80       7D         1
                dataBANK0                            FD       FD        2         1

        CLASS   BANK1          
                dataBANK1                           18E      18E        D         1
                bssBANK1                            100      100       8E         1

        CLASS   BANK2          

        CLASS   BANK3          

        CLASS   BANK4          

        CLASS   BANK5          

        CLASS   SFR            

        CLASS   BIGSFR         

        CLASS   CONFIG         
                config                           300000   300000        E         4

        CLASS   IDLOC          

        CLASS   EEDATA         

        CLASS   FARRAM         

        CLASS   HEAP           

        CLASS   STACK          



SEGMENTS        Name                           Load    Length   Top    Selector   Space  Class

                cstackCOMRAM                   000001  00007E  00007F         1       1  COMRAM  
                reset_vec                      000000  000004  000004         0       0  CODE    
                cstackBANK0                    000080  00007F  0000FF        80       1  BANK0   
                text0                          002CE8  000040  002D28      1674       0  CODE    
                bssBANK1                       000100  00009B  00019B       100       1  BANK1   
                text15                         000606  0026E1  002CE7       303       0  CODE    
                intcode                        000008  000006  00000E         4       0  CODE    
                intcodelo                      000018  000172  00018A         C       0  CODE    
                smallconst                     000600  000006  000606       300       0  SMALLCON


UNUSED ADDRESS RANGES

        Name                Unused          Largest block    Delta
        BANK0            0000FF-0000FF                1
        BANK1            00019B-0001FF               65
        BANK2            000200-0002FF              100
        BANK3            000300-0003FF              100
        BANK4            000400-0004FF              100
        BANK5            000500-0005F3               F4
        BIGRAM           00007F-00007F                1
                         0000FF-0000FF                1
                         00019B-0005F3              459
        BIGSFR           000F80-000F9B               1C
                         000F9D-000FD3               37
                         000FD5-000FDA                6
                         000FE0-000FE2                3
                         000FE8-000FEA                3
                         000FF0-000FFC                D
        CODE             000004-000007                4
                         00000E-000017                A
                         00018A-0005FF              476
                         002CE7-002CE7                1
                         002D28-007DBF             5098
        COMRAM           00007F-00007F                1
        CONST            000004-000007                4
                         00000E-000017                A
                         00018A-0005FF              476
                         002CE7-002CE7                1
                         002D28-007DBF             5098
        EEDATA           F00000-F000FF              100
        IDLOC            200000-200007                8
        MEDIUMCONST      002CE7-002CE7                1
                         002D28-007DBF             5098
        RAM              0000FF-0000FF                1
                         00019B-0005F3              100
        SFR              000F80-000F9B               1C
                         000F9D-000FD3               37
                         000FD5-000FDA                6
                         000FE0-000FE2                3
                         000FE8-000FEA                3
                         000FF0-000FFC                D
        SMALLCONST       002CE7-002CE7                1
                         002D28-007DBF              100

                                  Symbol Table

?_Timer2GetPrescaler                 cstackBANK0  000080
?___fladd                            cstackBANK0  0000B2
?___fldiv                            cstackBANK0  000099
?___flmul                            cstackBANK0  000080
?___fltol                            cstackBANK0  0000C2
?___xxtofl                           cstackBANK0  000080
?i1_Timer2GetPrescaler               cstackCOMRAM 000001
?i1___fladd                          cstackCOMRAM 000041
?i1___fldiv                          cstackCOMRAM 000028
?i1___flmul                          cstackCOMRAM 00000F
?i1___fltol                          cstackCOMRAM 000041
?i1___xxtofl                         cstackCOMRAM 000001
AdcEnableInterrupt@priority          cstackBANK0  000080
AdcInitialize@int_priority           cstackBANK0  000081
ButtonInitialize@interrupt           cstackBANK0  000080
ComponentInitialize@component_config cstackBANK0  0000DE
ComponentInitialize@components       cstackBANK0  0000EF
ComponentInitialize@int_config       cstackBANK0  0000DD
LowIsr@ch                            cstackCOMRAM 000079
LowIsr@val                           cstackCOMRAM 000077
PWMInitialize@period_ms              cstackBANK0  0000D9
PWMSetDutyCycle@duty_cycle_us        cstackCOMRAM 000051
PWMSetDutyCycle@prescaler            cstackCOMRAM 000062
PWMSetDutyCycle@val                  cstackCOMRAM 000064
PWMSetPeriod@period_ms               cstackBANK0  0000CC
PWMSetPeriod@prescaler               cstackBANK0  0000D2
RxEnableInterrupt@priority           cstackBANK0  000080
SystemInitialize@F2686               dataBANK1    000196
SystemInitialize@F2688               dataBANK1    00018E
SystemInitialize@component_config    cstackBANK0  0000F0
SystemInitialize@int_config          cstackBANK0  0000F8
Timer2Initialize@period_ms           cstackBANK0  0000D0
Timer2Initialize@postscaler          cstackBANK0  0000CE
Timer2Initialize@prescaler           cstackBANK0  0000CC
Timer2Initialize@priority            cstackBANK0  0000D8
TxEnableInterrupt@priority           cstackBANK0  000080
UartInitialize@rx_priority           cstackBANK0  000081
UartInitialize@tx_priority           cstackBANK0  000082
UartReceiveChar@c                    cstackCOMRAM 000002
UartSendChar@c                       cstackCOMRAM 000001
_ADCON0bits                          (abs)        000FC2
_ADCON1                              (abs)        000FC1
_ADCON1bits                          (abs)        000FC1
_ADCON2bits                          (abs)        000FC0
_ADRESH                              (abs)        000FC4
_AdcEnableInterrupt                  text21       002C68
_AdcInitialize                       text20       002B96
_BAUDCONbits                         (abs)        000FB8
_ButtonInitialize                    text19       002C48
_CCP1CONbits                         (abs)        000FBD
_CCPR1L                              (abs)        000FBE
_ComponentInitialize                 text3        001EE4
_ComponentInitialize$2072            cstackBANK0  0000E7
_ComponentInitialize$2073            cstackBANK0  0000EB
_HighIsr                             intcode      000008
_INTCONbits                          (abs)        000FF2
_IPR1bits                            (abs)        000F9F
_IRCF0                               (abs)        007E9C
_IRCF1                               (abs)        007E9D
_IRCF2                               (abs)        007E9E
_InterruptInitialize                 text18       002D1C
_LATA                                (abs)        000F89
_LedInitialize                       text17       002CBC
_LowIsr                              intcodelo    000018
_LowIsr$2171                         cstackCOMRAM 000073
_MotorDegree                         bssBANK1     00018C
_OscillatorInitialize                text2        002D14
_PIE1bits                            (abs)        000F9D
_PIR1bits                            (abs)        000F9E
_PR2                                 (abs)        000FCB
_PWMDutyCycle                        bssBANK1     000180
_PWMInitialize                       text8        002B4E
_PWMSetDutyCycle                     text28       00247E
_PWMSetDutyCycle$2170                cstackCOMRAM 00005E
_PWMSetPeriod                        text10       00293A
_RCIF                                (abs)        007CF5
_RCONbits                            (abs)        000FD0
_RCREG                               (abs)        000FAE
_RCSTAbits                           (abs)        000FAB
_RxEnableInterrupt                   text7        002CA8
_SPBRG                               (abs)        000FAF
_SetBaudRate                         text6        002CF4
_SystemInitialize                    text1        002B06
_T2CONbits                           (abs)        000FCA
_TRISAbits                           (abs)        000F92
_TRISBbits                           (abs)        000F93
_TRISCbits                           (abs)        000F94
_TXREG                               (abs)        000FAD
_TXSTAbits                           (abs)        000FAC
_Timer2GetPrescaler                  text16       002D00
_Timer2Initialize                    text9        0025E4
_Timer2Postscaler                    dataCOMRAM   00007C
_Timer2Prescaler                     dataBANK0    0000FD
_TxEnableInterrupt                   text5        002C94
_UartClearBuffer                     text27       002CCC
_UartGetChar                         text26       002C20
_UartInitialize                      text4        002A70
_UartReceiveChar                     text24       002ABC
_UartSendChar                        text25       002C7E
__HRAM                               (abs)        000000
__H__absolute__                      __absolute__ 000000
__Habs1                              abs1         000000
__Hbank0                             bank0        000000
__Hbank1                             bank1        000000
__Hbank2                             bank2        000000
__Hbank3                             bank3        000000
__Hbank4                             bank4        000000
__Hbank5                             bank5        000000
__Hbigbss                            bigbss       000000
__Hbigdata                           bigdata      000000
__Hbigram                            bigram       000000
__Hbigsfr                            bigsfr       000000
__Hbss                               bss          000000
__HbssBANK1                          bssBANK1     000000
__HbssCOMRAM                         bssCOMRAM    000000
__Hcinit                             cinit        000000
__Hclrtext                           clrtext      000000
__Hcomram                            comram       000000
__Hconfig                            config       30000E
__Hconst                             const        000000
__HcstackBANK0                       cstackBANK0  000000
__HcstackCOMRAM                      cstackCOMRAM 000000
__Hdata                              data         000000
__HdataBANK0                         dataBANK0    000000
__HdataBANK1                         dataBANK1    000000
__HdataCOMRAM                        dataCOMRAM   000000
__Heeprom_data                       eeprom_data  000000
__Hfarbss                            farbss       000000
__Hfardata                           fardata      000000
__Hheap                              heap         000000
__Hibigdata                          ibigdata     000000
__Hidata                             idata        000000
__HidataBANK0                        idataBANK0   000000
__HidataBANK1                        idataBANK1   000000
__HidataCOMRAM                       idataCOMRAM  000000
__Hidloc                             idloc        000000
__Hifardata                          ifardata     000000
__Hinit                              init         00018A
__Hintcode                           intcode      00000E
__Hintcode_body                      intcode_body 000000
__Hintcodelo                         intcodelo    000186
__Hintentry                          intentry     000000
__Hintret                            intret       000000
__Hintsave_regs                      intsave_regs 000000
__Hirdata                            irdata       000000
__Hmediumconst                       mediumconst  000000
__HnvFARRAM                          nvFARRAM     000000
__Hnvbit                             nvbit        000000
__Hnvrram                            nvrram       000000
__Hparam                             rparam       000000
__Hpowerup                           powerup      000186
__Hram                               ram          000000
__Hramtop                            ramtop       000600
__Hrbit                              rbit         000000
__Hrbss                              rbss         000000
__Hrdata                             rdata        000000
__Hreset_vec                         reset_vec    000004
__Hrparam                            rparam       000000
__Hsfr                               sfr          000000
__Hsivt_hi                           sivt_hi      000000
__Hsivt_lo                           sivt_lo      000000
__Hsmallconst                        smallconst   000606
__Hspace_0                           (abs)        002D28
__Hspace_1                           (abs)        00019B
__Hspace_2                           (abs)        000000
__Hspace_4                           (abs)        60000E
__Hstack                             stack        000000
__Hstruct                            struct       000000
__Htemp                              temp         00007F
__Htext                              text         000000
__Htext0                             text0        000000
__Htext1                             text1        000000
__Htext10                            text10       000000
__Htext11                            text11       000000
__Htext12                            text12       000000
__Htext13                            text13       000000
__Htext14                            text14       000000
__Htext15                            text15       000000
__Htext16                            text16       000000
__Htext17                            text17       000000
__Htext18                            text18       000000
__Htext19                            text19       000000
__Htext2                             text2        000000
__Htext20                            text20       000000
__Htext21                            text21       000000
__Htext23                            text23       000000
__Htext24                            text24       000000
__Htext25                            text25       000000
__Htext26                            text26       000000
__Htext27                            text27       000000
__Htext28                            text28       000000
__Htext29                            text29       000000
__Htext3                             text3        000000
__Htext30                            text30       000000
__Htext31                            text31       000000
__Htext32                            text32       000000
__Htext33                            text33       000000
__Htext4                             text4        000000
__Htext5                             text5        000000
__Htext6                             text6        000000
__Htext7                             text7        000000
__Htext8                             text8        000000
__Htext9                             text9        000000
__LRAM                               (abs)        000001
__L__absolute__                      __absolute__ 000000
__Labs1                              abs1         000000
__Lbank0                             bank0        000000
__Lbank1                             bank1        000000
__Lbank2                             bank2        000000
__Lbank3                             bank3        000000
__Lbank4                             bank4        000000
__Lbank5                             bank5        000000
__Lbigbss                            bigbss       000000
__Lbigdata                           bigdata      000000
__Lbigram                            bigram       000000
__Lbigsfr                            bigsfr       000000
__Lbss                               bss          000000
__LbssBANK1                          bssBANK1     000000
__LbssCOMRAM                         bssCOMRAM    000000
__Lcinit                             cinit        000000
__Lclrtext                           clrtext      000000
__Lcomram                            comram       000000
__Lconfig                            config       000000
__Lconst                             const        000000
__LcstackBANK0                       cstackBANK0  000000
__LcstackCOMRAM                      cstackCOMRAM 000000
__Ldata                              data         000000
__LdataBANK0                         dataBANK0    000000
__LdataBANK1                         dataBANK1    000000
__LdataCOMRAM                        dataCOMRAM   000000
__Leeprom_data                       eeprom_data  000000
__Lfarbss                            farbss       000000
__Lfardata                           fardata      000000
__Lheap                              heap         000000
__Libigdata                          ibigdata     000000
__Lidata                             idata        000000
__LidataBANK0                        idataBANK0   000000
__LidataBANK1                        idataBANK1   000000
__LidataCOMRAM                       idataCOMRAM  000000
__Lidloc                             idloc        000000
__Lifardata                          ifardata     000000
__Linit                              init         000186
__Lintcode                           intcode      000008
__Lintcode_body                      intcode_body 000000
__Lintcodelo                         intcodelo    000018
__Lintentry                          intentry     000000
__Lintret                            intret       000000
__Lintsave_regs                      intsave_regs 000000
__Lirdata                            irdata       000000
__Lmediumconst                       mediumconst  000000
__LnvFARRAM                          nvFARRAM     000000
__Lnvbit                             nvbit        000000
__Lnvrram                            nvrram       000000
__Lparam                             rparam       000000
__Lpowerup                           powerup      000186
__Lram                               ram          000000
__Lramtop                            ramtop       000600
__Lrbit                              rbit         000000
__Lrbss                              rbss         000000
__Lrdata                             rdata        000000
__Lreset_vec                         reset_vec    000000
__Lrparam                            rparam       000000
__Lsfr                               sfr          000000
__Lsivt_hi                           sivt_hi      000000
__Lsivt_lo                           sivt_lo      000000
__Lsmallconst                        smallconst   000600
__Lspace_0                           (abs)        000000
__Lspace_1                           (abs)        000000
__Lspace_2                           (abs)        000000
__Lspace_4                           (abs)        000000
__Lstack                             stack        000000
__Lstruct                            struct       000000
__Ltemp                              temp         00007E
__Ltext                              text         000000
__Ltext0                             text0        000000
__Ltext1                             text1        000000
__Ltext10                            text10       000000
__Ltext11                            text11       000000
__Ltext12                            text12       000000
__Ltext13                            text13       000000
__Ltext14                            text14       000000
__Ltext15                            text15       000000
__Ltext16                            text16       000000
__Ltext17                            text17       000000
__Ltext18                            text18       000000
__Ltext19                            text19       000000
__Ltext2                             text2        000000
__Ltext20                            text20       000000
__Ltext21                            text21       000000
__Ltext23                            text23       000000
__Ltext24                            text24       000000
__Ltext25                            text25       000000
__Ltext26                            text26       000000
__Ltext27                            text27       000000
__Ltext28                            text28       000000
__Ltext29                            text29       000000
__Ltext3                             text3        000000
__Ltext30                            text30       000000
__Ltext31                            text31       000000
__Ltext32                            text32       000000
__Ltext33                            text33       000000
__Ltext4                             text4        000000
__Ltext5                             text5        000000
__Ltext6                             text6        000000
__Ltext7                             text7        000000
__Ltext8                             text8        000000
__Ltext9                             text9        000000
__S0                                 (abs)        002D28
__S1                                 (abs)        00019B
__S4                                 (abs)        000000
__S5                                 (abs)        000000
___fladd                             text15       000606
___fladd@a                           cstackBANK0  0000B6
___fladd@aexp                        cstackBANK0  0000BF
___fladd@b                           cstackBANK0  0000B2
___fladd@bexp                        cstackBANK0  0000C0
___fladd@grs                         cstackBANK0  0000C1
___fladd@signs                       cstackBANK0  0000BE
___fldiv                             text14       0017C2
___fldiv@a                           cstackBANK0  00009D
___fldiv@aexp                        cstackBANK0  0000B1
___fldiv@b                           cstackBANK0  000099
___fldiv@bexp                        cstackBANK0  0000B0
___fldiv@grs                         cstackBANK0  0000AC
___fldiv@new_exp                     cstackBANK0  0000AA
___fldiv@rem                         cstackBANK0  0000A5
___fldiv@sign                        cstackBANK0  0000A9
___flmul                             text13       000F74
___flmul@a                           cstackBANK0  000084
___flmul@aexp                        cstackBANK0  000091
___flmul@b                           cstackBANK0  000080
___flmul@bexp                        cstackBANK0  000092
___flmul@grs                         cstackBANK0  00008D
___flmul@prod                        cstackBANK0  000093
___flmul@sign                        cstackBANK0  00008C
___flmul@temp                        cstackBANK0  000097
___fltol                             text12       00272C
___fltol@exp1                        cstackBANK0  0000CB
___fltol@f1                          cstackBANK0  0000C2
___fltol@sign1                       cstackBANK0  0000CA
___heap_hi                           (abs)        000000
___heap_lo                           (abs)        000000
___inthi_sp                          stack        000000
___inthi_stack_hi                    stack        000000
___inthi_stack_lo                    stack        000000
___intlo_sp                          stack        000000
___intlo_stack_hi                    stack        000000
___intlo_stack_lo                    stack        000000
___param_bank                        (abs)        000000
___rparam_used                       (abs)        000001
___sp                                stack        000000
___stack_hi                          stack        000000
___stack_lo                          stack        000000
___xxtofl                            text11       002112
___xxtofl@arg                        cstackBANK0  00008A
___xxtofl@exp                        cstackBANK0  000089
___xxtofl@sign                       cstackBANK0  000088
___xxtofl@val                        cstackBANK0  000080
__accesstop                          (abs)        000080
__activetblptr                       (abs)        000001
__end_of_AdcEnableInterrupt          text21       002C7E
__end_of_AdcInitialize               text20       002BDE
__end_of_ButtonInitialize            text19       002C68
__end_of_ComponentInitialize         text3        002112
__end_of_HighIsr                     intcode_body 002C20
__end_of_InterruptInitialize         text18       002D24
__end_of_LedInitialize               text17       002CCC
__end_of_LowIsr                      intcodelo    000186
__end_of_OscillatorInitialize        text2        002D1C
__end_of_PWMInitialize               text8        002B96
__end_of_PWMSetDutyCycle             text28       0025E4
__end_of_PWMSetPeriod                text10       0029FE
__end_of_RxEnableInterrupt           text7        002CBC
__end_of_SetBaudRate                 text6        002D00
__end_of_SystemInitialize            text1        002B4E
__end_of_Timer2GetPrescaler          text16       002D0A
__end_of_Timer2Initialize            text9        00272C
__end_of_TxEnableInterrupt           text5        002CA8
__end_of_UartClearBuffer             text27       002CDA
__end_of_UartGetChar                 text26       002C48
__end_of_UartInitialize              text4        002ABC
__end_of_UartReceiveChar             text24       002B06
__end_of_UartSendChar                text25       002C94
__end_of___fladd                     text15       000ABE
__end_of___fldiv                     text14       001B54
__end_of___flmul                     text13       00139C
__end_of___fltol                     text12       002834
__end_of___xxtofl                    text11       0022CA
__end_of__initialization             cinit        002A5E
__end_of_main                        text0        002CF4
__end_ofi1_Timer2GetPrescaler        text33       002D14
__end_ofi1___fladd                   text23       000F74
__end_ofi1___fldiv                   text32       001EE4
__end_ofi1___flmul                   text31       0017C2
__end_ofi1___fltol                   text30       00293A
__end_ofi1___xxtofl                  text29       00247E
__initialization                     cinit        0029FE
__mediumconst                        mediumconst  000000
__pbssBANK1                          bssBANK1     000100
__pbssCOMRAM                         bssCOMRAM    00007A
__pcinit                             cinit        0029FE
__pcstackBANK0                       cstackBANK0  000080
__pcstackCOMRAM                      cstackCOMRAM 000001
__pdataBANK0                         dataBANK0    0000FD
__pdataBANK1                         dataBANK1    00018E
__pdataCOMRAM                        dataCOMRAM   00007C
__pidataBANK0                        idataBANK0   002D26
__pidataBANK1                        idataBANK1   002CDA
__pidataCOMRAM                       idataCOMRAM  002D24
__pintcode                           intcode      000008
__pintcode_body                      intcode_body 002BDE
__pintcodelo                         intcodelo    000018
__psmallconst                        smallconst   000600
__ptext0                             text0        002CE8
__ptext1                             text1        002B06
__ptext10                            text10       00293A
__ptext11                            text11       002112
__ptext12                            text12       00272C
__ptext13                            text13       000F74
__ptext14                            text14       0017C2
__ptext15                            text15       000606
__ptext16                            text16       002D00
__ptext17                            text17       002CBC
__ptext18                            text18       002D1C
__ptext19                            text19       002C48
__ptext2                             text2        002D14
__ptext20                            text20       002B96
__ptext21                            text21       002C68
__ptext23                            text23       000ABE
__ptext24                            text24       002ABC
__ptext25                            text25       002C7E
__ptext26                            text26       002C20
__ptext27                            text27       002CCC
__ptext28                            text28       00247E
__ptext29                            text29       0022CA
__ptext3                             text3        001EE4
__ptext30                            text30       002834
__ptext31                            text31       00139C
__ptext32                            text32       001B54
__ptext33                            text33       002D0A
__ptext4                             text4        002A70
__ptext5                             text5        002C94
__ptext6                             text6        002CF4
__ptext7                             text7        002CA8
__ptext8                             text8        002B4E
__ptext9                             text9        0025E4
__ramtop                             ramtop       000600
__smallconst                         smallconst   000600
_flag                                bssBANK1     00018A
_main                                text0        002CE8
_prev_adc_val                        bssBANK1     000188
_start_val                           bssBANK1     000184
_state                               bssBANK1     000186
_uart_buffer                         bssBANK1     000100
_uart_buffer_idx                     bssCOMRAM    00007A
btemp                                temp         00007E
end_of_initialization                cinit        002A5E
i1_Timer2GetPrescaler                text33       002D0A
i1___fladd                           text23       000ABE
i1___fladd@a                         cstackCOMRAM 000045
i1___fladd@aexp                      cstackCOMRAM 00004E
i1___fladd@b                         cstackCOMRAM 000041
i1___fladd@bexp                      cstackCOMRAM 00004F
i1___fladd@grs                       cstackCOMRAM 000050
i1___fladd@signs                     cstackCOMRAM 00004D
i1___fldiv                           text32       001B54
i1___fldiv@a                         cstackCOMRAM 00002C
i1___fldiv@aexp                      cstackCOMRAM 000040
i1___fldiv@b                         cstackCOMRAM 000028
i1___fldiv@bexp                      cstackCOMRAM 00003F
i1___fldiv@grs                       cstackCOMRAM 00003B
i1___fldiv@new_exp                   cstackCOMRAM 000039
i1___fldiv@rem                       cstackCOMRAM 000034
i1___fldiv@sign                      cstackCOMRAM 000038
i1___flmul                           text31       00139C
i1___flmul@a                         cstackCOMRAM 000013
i1___flmul@aexp                      cstackCOMRAM 000020
i1___flmul@b                         cstackCOMRAM 00000F
i1___flmul@bexp                      cstackCOMRAM 000021
i1___flmul@grs                       cstackCOMRAM 00001C
i1___flmul@prod                      cstackCOMRAM 000022
i1___flmul@sign                      cstackCOMRAM 00001B
i1___flmul@temp                      cstackCOMRAM 000026
i1___fltol                           text30       002834
i1___fltol@exp1                      cstackCOMRAM 00004A
i1___fltol@f1                        cstackCOMRAM 000041
i1___fltol@sign1                     cstackCOMRAM 000049
i1___xxtofl                          text29       0022CA
i1___xxtofl@arg                      cstackCOMRAM 00000B
i1___xxtofl@exp                      cstackCOMRAM 00000A
i1___xxtofl@sign                     cstackCOMRAM 000009
i1___xxtofl@val                      cstackCOMRAM 000001
int$flags                            temp         00007E
int_func                             intcode_body 002BDE
intlevel0                            text         000000
intlevel1                            text         000000
intlevel2                            text         000000
intlevel3                            text         000000
isa$std                              (abs)        000001
isa$xinst                            (abs)        000000
stackhi                              (abs)        000000
stacklo                              (abs)        000000
start                                init         000186
start_initialization                 cinit        0029FE
ttemp5                               temp         00007F
ttemp6                               temp         000082
ttemp7                               temp         000086
wtemp8                               temp         00007F


MODULE INFORMATION

Module		Function		Class		Link	Load	Size
utils/ccp.c
		_PWMInitialize 		CODE           	2B4E	0000	72
		_PWMSetPeriod  		CODE           	293A	0000	196
		_PWMSetDutyCycle		CODE           	247E	0000	358

utils/ccp.c estimated size: 626

utils/timer.c
		_Timer2Initialize		CODE           	25E4	0000	328
		_Timer2GetPrescaler		CODE           	2D00	0000	10

utils/timer.c estimated size: 338

utils/led.c
		_LedInitialize 		CODE           	2CBC	0000	16

utils/led.c estimated size: 16

/Applications/microchip/xc8/v2.50/pic/sources/c99/common/sprcadd.c
		___fladd       		CODE           	0606	0000	1208

/Applications/microchip/xc8/v2.50/pic/sources/c99/common/sprcadd.c estimated size: 1208

/Applications/microchip/xc8/v2.50/pic/sources/c99/common/fltol.c
		___fltol       		CODE           	272C	0000	264

/Applications/microchip/xc8/v2.50/pic/sources/c99/common/fltol.c estimated size: 264

/Applications/microchip/xc8/v2.50/pic/sources/c99/common/xxtofl.c
		___xxtofl      		CODE           	2112	0000	440

/Applications/microchip/xc8/v2.50/pic/sources/c99/common/xxtofl.c estimated size: 440

utils/interrupt_manager.c
		_InterruptInitialize		CODE           	2D1C	0000	8
		_ButtonInitialize		CODE           	2C48	0000	32

utils/interrupt_manager.c estimated size: 40

shared
		i1___fladd     		CODE           	0ABE	0000	1206
		i1___fldiv     		CODE           	1B54	0000	912
		i1___fltol     		CODE           	2834	0000	262
		__initialization		CODE           	29FE	0000	96
		i1___flmul     		CODE           	139C	0000	1062
		i1___xxtofl    		CODE           	22CA	0000	436
		i1_Timer2GetPrescaler		CODE           	2D0A	0000	10

shared estimated size: 3984

utils/adc.c
		_AdcInitialize 		CODE           	2B96	0000	72
		_AdcEnableInterrupt		CODE           	2C68	0000	22

utils/adc.c estimated size: 94

utils/settings.c
		_ComponentInitialize		CODE           	1EE4	0000	558
		_OscillatorInitialize		CODE           	2D14	0000	8

utils/settings.c estimated size: 566

utils/uart.c
		_RxEnableInterrupt		CODE           	2CA8	0000	20
		_TxEnableInterrupt		CODE           	2C94	0000	20
		_UartReceiveChar		CODE           	2ABC	0000	74
		_SetBaudRate   		CODE           	2CF4	0000	12
		_UartClearBuffer		CODE           	2CCC	0000	14
		_UartSendChar  		CODE           	2C7E	0000	22
		_UartGetChar   		CODE           	2C20	0000	40
		_UartInitialize		CODE           	2A70	0000	76

utils/uart.c estimated size: 278

/Applications/microchip/xc8/v2.50/pic/sources/c99/common/sprcmul.c
		___flmul       		CODE           	0F74	0000	1064

/Applications/microchip/xc8/v2.50/pic/sources/c99/common/sprcmul.c estimated size: 1064

main.c
		_HighIsr       		CODE           	0008	0000	72
		_main          		CODE           	2CE8	0000	12
		_LowIsr        		CODE           	0018	0000	366
		_SystemInitialize		CODE           	2B06	0000	72

main.c estimated size: 522

/Applications/microchip/xc8/v2.50/pic/sources/c99/common/sprcdiv.c
		___fldiv       		CODE           	17C2	0000	914

/Applications/microchip/xc8/v2.50/pic/sources/c99/common/sprcdiv.c estimated size: 914

