Microchip MPLAB XC8 Compiler V2.50

Linker command line:

-W-3 --edf=/Applications/microchip/xc8/v2.50/pic/dat/20240725155939_en.msgs \
  -cn -h+dist/default/debug/final_project.X.debug.sym \
  --cmf=dist/default/debug/final_project.X.debug.cmf -z -Q18F4520 \
  -o/tmp/xcA8l8IgZ/driver_tmp_3.o --defsym=__MPLAB_BUILD=1 \
  --fixupoverflow=error -Mdist/default/debug/final_project.X.debug.map \
  --md=/tmp/xcA8l8IgZ/driver_tmp_0.dat -E1 -ver=XC8 Compiler --acfsm=1493 \
  -ACODE=00h-07DBFh -ACONST=00h-07DBFh \
  -ASMALLCONST=0600h-06FFhx119,07D00h-07DBFh -AMEDIUMCONST=0600h-07DBFh \
  -ACOMRAM=01h-07Fh -AABS1=00h-05F3h -ABIGRAM=01h-05F3h \
  -ARAM=080h-0FFh,0100h-01FFhx4,0500h-05F3h -ABANK0=080h-0FFh \
  -ABANK1=0100h-01FFh -ABANK2=0200h-02FFh -ABANK3=0300h-03FFh \
  -ABANK4=0400h-04FFh -ABANK5=0500h-05F3h \
  -ASFR=0F80h-0F9Bh,0F9Dh-0FD3h,0FD5h-0FDAh,0FE0h-0FE2h,0FE8h-0FEAh,0FF0h-0FFCh \
  -ABIGSFR=0F80h-0F9Bh,0F9Dh-0FD3h,0FD5h-0FDAh,0FE0h-0FE2h,0FE8h-0FEAh,0FF0h-0FFCh \
  -ACONFIG=0300000h-030000Dh -AIDLOC=0200000h-0200007h \
  -AEEDATA=0F00000h-0F000FFh -peeprom_data=EEDATA \
  -preset_vec=00h,intcode=8h,intcodelo=18h,powerup,init -pramtop=0600h \
  -psmallconst=SMALLCONST -pmediumconst=MEDIUMCONST -pconst=CONST \
  -AFARRAM=00h-00h \
  -prdata=COMRAM,nvrram=COMRAM,nvbit=COMRAM,rbss=COMRAM,rbit=COMRAM \
  -pfarbss=FARRAM,fardata=FARRAM,nvFARRAM=FARRAM \
  -pintsave_regs=BIGRAM,bigbss=BIGRAM,bigdata=BIGRAM -pbss=RAM \
  -pidata=CODE,irdata=CODE,ibigdata=CODE,ifardata=CODE -prparam=COMRAM \
  /tmp/xcA8l8IgZ/driver_tmp_9.o dist/default/debug/final_project.X.debug.o 

Object code version is 3.11

Machine type is 18F4520



                Name                               Link     Load   Length Selector   Space Scale
/tmp/xcA8l8IgZ/driver_tmp_9.o
                config                           300000   300000        E        0       4
                init                                1AC      1AC        4        C       0
                reset_vec                             0        0        4        0       0
dist/default/debug/final_project.X.debug.o
                intcodelo                            18       18      194        C       0
                intcode                               8        8        6        4       0
                config                           300000   300000        E        0       4
                temp                                 79       79        1        1       1
                smallconst                          600      600        6      300       0
                intcode_body                       3038     3038       42      303       0
                text36                             3136     3136        E     189B       0
                text35                             2EC0     2EC0       52      303       0
                text34                             307A     307A       28      303       0
                text33                             30D8     30D8       16      303       0
                text32                             2F5E     2F5E       4A      303       0
                text31                             29F0     29F0      10C      303       0
                text30                             3166     3166        A     189B       0
                text29                             1C82     1C82      390      303       0
                text28                             1438     1438      426      303       0
                text27                             2C04     2C04      106      303       0
                text26                             241C     241C      1B4      303       0
                text25                             273E     273E      166      303       0
                text24                              B5A      B5A      4B6      303       0
                text22                             30C2     30C2       16      303       0
                text21                             2FF0     2FF0       48      303       0
                text20                             30A2     30A2       20      303       0
                text19                             3178     3178        8     189B       0
                text18                             3116     3116       10      303       0
                text17                             315C     315C        A     189B       0
                text16                              606      606      554      303       0
                text15                             185E     185E      424      303       0
                text14                             1010     1010      428      303       0
                text13                             2AFC     2AFC      108      303       0
                text12                             2264     2264      1B8      303       0
                text11                             2D0A     2D0A       C8      303       0
                text10                             28A4     28A4      14C      303       0
                text9                              2FA8     2FA8       48      303       0
                text8                              3102     3102       14      303       0
                text7                              3150     3150        C     189B       0
                text6                              30EE     30EE       14      303       0
                text5                              2F12     2F12       4C      303       0
                text4                              2012     2012      252      303       0
                text3                              3170     3170        8     189B       0
                text2                              25D0     25D0      16E      303       0
                text1                              2E5E     2E5E       62      303       0
                text0                              3144     3144        C     189B       0
                cstackCOMRAM                          1        1       6E        1       1
                cstackBANK0                          80       80       4C       80       1
                cstackBANK1                         180      180       51      100       1
                bssBIGRAM                           1D5      1D5      168      1D5       1
                dataBANK1                           1D1      1D1        4      100       1
                bssBANK1                            100      100       80      100       1
                dataBANK0                            CC       CC        F       80       1
                bssBANK0                             DB       DB        6       80       1
                bssCOMRAM                            6F       6F        A        1       1
                cinit                              2DD2     2DD2       8C      303       0
                idataBANK1                         3180     3180        4     189B       0
                idataBANK0                         3126     3126        F      303       0

TOTAL           Name                               Link     Load   Length     Space
        CLASS   CODE           
                intcodelo                            18       18      194         0
                intcode                               8        8        6         0
                init                                1AC      1AC        4         0
                reset_vec                             0        0        4         0
                intcode_body                       3038     3038       42         0
                text36                             3136     3136        E         0
                text35                             2EC0     2EC0       52         0
                text34                             307A     307A       28         0
                text33                             30D8     30D8       16         0
                text32                             2F5E     2F5E       4A         0
                text31                             29F0     29F0      10C         0
                text30                             3166     3166        A         0
                text29                             1C82     1C82      390         0
                text28                             1438     1438      426         0
                text27                             2C04     2C04      106         0
                text26                             241C     241C      1B4         0
                text25                             273E     273E      166         0
                text24                              B5A      B5A      4B6         0
                text22                             30C2     30C2       16         0
                text21                             2FF0     2FF0       48         0
                text20                             30A2     30A2       20         0
                text19                             3178     3178        8         0
                text18                             3116     3116       10         0
                text17                             315C     315C        A         0
                text16                              606      606      554         0
                text15                             185E     185E      424         0
                text14                             1010     1010      428         0
                text13                             2AFC     2AFC      108         0
                text12                             2264     2264      1B8         0
                text11                             2D0A     2D0A       C8         0
                text10                             28A4     28A4      14C         0
                text9                              2FA8     2FA8       48         0
                text8                              3102     3102       14         0
                text7                              3150     3150        C         0
                text6                              30EE     30EE       14         0
                text5                              2F12     2F12       4C         0
                text4                              2012     2012      252         0
                text3                              3170     3170        8         0
                text2                              25D0     25D0      16E         0
                text1                              2E5E     2E5E       62         0
                text0                              3144     3144        C         0
                cinit                              2DD2     2DD2       8C         0
                idataBANK1                         3180     3180        4         0
                idataBANK0                         3126     3126        F         0

        CLASS   CONST          

        CLASS   SMALLCONST     
                smallconst                          600      600        6         0

        CLASS   MEDIUMCONST    

        CLASS   COMRAM         
                temp                                 79       79        1         1
                cstackCOMRAM                          1        1       6E         1
                bssCOMRAM                            6F       6F        A         1

        CLASS   ABS1           

        CLASS   BIGRAM         
                bssBIGRAM                           1D5      1D5      168         1

        CLASS   RAM            

        CLASS   BANK0          
                cstackBANK0                          80       80       4C         1
                dataBANK0                            CC       CC        F         1
                bssBANK0                             DB       DB        6         1

        CLASS   BANK1          
                cstackBANK1                         180      180       51         1
                dataBANK1                           1D1      1D1        4         1
                bssBANK1                            100      100       80         1

        CLASS   BANK2          

        CLASS   BANK3          

        CLASS   BANK4          

        CLASS   BANK5          

        CLASS   SFR            

        CLASS   BIGSFR         

        CLASS   CONFIG         
                config                           300000   300000        E         4

        CLASS   IDLOC          

        CLASS   EEDATA         

        CLASS   FARRAM         

        CLASS   HEAP           

        CLASS   STACK          



SEGMENTS        Name                           Load    Length   Top    Selector   Space  Class

                cstackBANK0                    000080  000061  0000E1        80       1  BANK0   
                reset_vec                      000000  000004  000004         0       0  CODE    
                cstackCOMRAM                   000001  000079  00007A         1       1  COMRAM  
                text36                         003136  00004E  003184      189B       0  CODE    
                text16                         000606  002B2F  003135       303       0  CODE    
                bssBANK1                       000100  0000D5  0001D5       100       1  BANK1   
                bssBIGRAM                      0001D5  000168  00033D       1D5       1  BIGRAM  
                intcodelo                      000018  000198  0001B0         C       0  CODE    
                intcode                        000008  000006  00000E         4       0  CODE    
                smallconst                     000600  000006  000606       300       0  SMALLCON


UNUSED ADDRESS RANGES

        Name                Unused          Largest block    Delta
        BANK0            0000E1-0000FF               1F
        BANK3            00033D-0003FF               C3
        BANK4            000400-0004FF              100
        BANK5            000500-0005F3               F4
        BIGRAM           00007A-00007F                6
                         0000E1-0000FF               1F
                         00033D-0005F3              2B7
        BIGSFR           000F80-000F9B               1C
                         000F9D-000FD3               37
                         000FD5-000FDA                6
                         000FE0-000FE2                3
                         000FE8-000FEA                3
                         000FF0-000FFC                D
        CODE             000004-000007                4
                         00000E-000017                A
                         0001B0-0005FF              450
                         003135-003135                1
                         003184-007DBF             4C3C
        COMRAM           00007A-00007F                6
        CONST            000004-000007                4
                         00000E-000017                A
                         0001B0-0005FF              450
                         003135-003135                1
                         003184-007DBF             4C3C
        EEDATA           F00000-F000FF              100
        IDLOC            200000-200007                8
        MEDIUMCONST      003135-003135                1
                         003184-007DBF             4C3C
        RAM              0000E1-0000FF               1F
                         00033D-0005F3              100
        SFR              000F80-000F9B               1C
                         000F9D-000FD3               37
                         000FD5-000FDA                6
                         000FE0-000FE2                3
                         000FE8-000FEA                3
                         000FF0-000FFC                D
        SMALLCONST       003135-003135                1
                         003184-007DBF              100

                                  Symbol Table

?_Timer2GetPrescaler                 cstackBANK0  00009F
?___fladd                            cstackBANK0  0000C4
?___fldiv                            cstackBANK0  0000B8
?___flmul                            cstackBANK0  00009F
?___fltol                            cstackBANK1  000195
?___xxtofl                           cstackBANK0  00009F
?_atoi                               cstackCOMRAM 000001
?i1_Timer2GetPrescaler               cstackCOMRAM 000001
?i1___fladd                          cstackCOMRAM 000041
?i1___fldiv                          cstackCOMRAM 000028
?i1___flmul                          cstackCOMRAM 00000F
?i1___fltol                          cstackCOMRAM 000041
?i1___xxtofl                         cstackCOMRAM 000001
AdcEnableInterrupt@priority          cstackBANK0  00009F
AdcInitialize@int_priority           cstackBANK0  0000A0
ButtonInitialize@interrupt           cstackBANK0  00009F
ComponentInitialize@component_config cstackBANK1  0001B2
ComponentInitialize@components       cstackBANK1  0001C3
ComponentInitialize@int_config       cstackBANK1  0001B0
LowIsr@ch                            cstackBANK0  00009E
LowIsr@str                           cstackBANK0  000080
LowIsr@val                           cstackBANK0  00009C
PWMInitialize@period_ms              cstackBANK1  0001AC
PWMSetDutyCycle@duty_cycle_us        cstackBANK1  00019F
PWMSetDutyCycle@prescaler            cstackBANK1  0001B0
PWMSetDutyCycle@val                  cstackBANK1  0001B2
PWMSetPeriod@period_ms               cstackBANK1  00019F
PWMSetPeriod@prescaler               cstackBANK1  0001A5
RxEnableInterrupt@priority           cstackBANK0  00009F
SystemInitialize@F2688               dataBANK0    0000D4
SystemInitialize@F2690               dataBANK0    0000CC
SystemInitialize@component_config    cstackBANK1  0001C4
SystemInitialize@int_config          cstackBANK1  0001CC
Timer2Initialize@period_ms           cstackBANK1  0001A3
Timer2Initialize@postscaler          cstackBANK1  0001A1
Timer2Initialize@prescaler           cstackBANK1  00019F
Timer2Initialize@priority            cstackBANK1  0001AB
TxEnableInterrupt@priority           cstackBANK0  00009F
UartCopyBufferToString@i             cstackCOMRAM 000003
UartCopyBufferToString@str           cstackCOMRAM 000001
UartInitialize@rx_priority           cstackBANK0  0000A0
UartInitialize@tx_priority           cstackBANK0  0000A1
UartReceiveChar@c                    cstackCOMRAM 000002
UartSendChar@c                       cstackCOMRAM 000001
_ADCON0bits                          (abs)        000FC2
_ADCON1                              (abs)        000FC1
_ADCON1bits                          (abs)        000FC1
_ADCON2bits                          (abs)        000FC0
_ADRESH                              (abs)        000FC4
_AdcEnableInterrupt                  text22       0030C2
_AdcInitialize                       text21       002FF0
_BAUDCONbits                         (abs)        000FB8
_ButtonInitialize                    text20       0030A2
_CCP1CONbits                         (abs)        000FBD
_CCPR1L                              (abs)        000FBE
_ComponentInitialize                 text4        002012
_ComponentInitialize$2084            cstackBANK1  0001BB
_ComponentInitialize$2085            cstackBANK1  0001BF
_HighIsr                             intcode      000008
_INTCONbits                          (abs)        000FF2
_IPR1bits                            (abs)        000F9F
_IRCF0                               (abs)        007E9C
_IRCF1                               (abs)        007E9D
_IRCF2                               (abs)        007E9E
_InterruptInitialize                 text19       003178
_LATA                                (abs)        000F89
_LedInitialize                       text18       003116
_LowIsr                              intcodelo    000018
_LowIsr$2191                         cstackBANK0  000094
_LowIsr$2192                         cstackBANK0  000098
_MotorDegree                         bssCOMRAM    000077
_OscillatorInitialize                text3        003170
_PIE1bits                            (abs)        000F9D
_PIR1bits                            (abs)        000F9E
_PR2                                 (abs)        000FCB
_PWMDutyCycle                        bssCOMRAM    00006F
_PWMInitialize                       text9        002FA8
_PWMSetDutyCycle                     text2        0025D0
_PWMSetDutyCycle$2083                cstackBANK1  0001AC
_PWMSetPeriod                        text11       002D0A
_RCIF                                (abs)        007CF5
_RCONbits                            (abs)        000FD0
_RCREG                               (abs)        000FAE
_RCSTAbits                           (abs)        000FAB
_RxEnableInterrupt                   text8        003102
_SPBRG                               (abs)        000FAF
_SetBaudRate                         text7        003150
_SystemInitialize                    text1        002E5E
_T2CONbits                           (abs)        000FCA
_TRISAbits                           (abs)        000F92
_TRISBbits                           (abs)        000F93
_TRISCbits                           (abs)        000F94
_TXREG                               (abs)        000FAD
_TXSTAbits                           (abs)        000FAC
_Timer2GetPrescaler                  text17       00315C
_Timer2Initialize                    text10       0028A4
_Timer2Postscaler                    dataBANK1    0001D1
_Timer2Prescaler                     dataBANK1    0001D3
_TxEnableInterrupt                   text6        0030EE
_UartClearBuffer                     text36       003136
_UartCopyBufferToString              text35       002EC0
_UartGetChar                         text34       00307A
_UartInitialize                      text5        002F12
_UartReceiveChar                     text32       002F5E
_UartSendChar                        text33       0030D8
__HRAM                               (abs)        000000
__H__absolute__                      __absolute__ 000000
__Habs1                              abs1         000000
__Hbank0                             bank0        000000
__Hbank1                             bank1        000000
__Hbank2                             bank2        000000
__Hbank3                             bank3        000000
__Hbank4                             bank4        000000
__Hbank5                             bank5        000000
__Hbigbss                            bigbss       000000
__Hbigdata                           bigdata      000000
__Hbigram                            bigram       000000
__Hbigsfr                            bigsfr       000000
__Hbss                               bss          000000
__HbssBANK0                          bssBANK0     000000
__HbssBANK1                          bssBANK1     000000
__HbssBIGRAM                         bssBIGRAM    000000
__HbssCOMRAM                         bssCOMRAM    000000
__Hcinit                             cinit        000000
__Hclrtext                           clrtext      000000
__Hcomram                            comram       000000
__Hconfig                            config       30000E
__Hconst                             const        000000
__HcstackBANK0                       cstackBANK0  000000
__HcstackBANK1                       cstackBANK1  000000
__HcstackCOMRAM                      cstackCOMRAM 000000
__Hdata                              data         000000
__HdataBANK0                         dataBANK0    000000
__HdataBANK1                         dataBANK1    000000
__Heeprom_data                       eeprom_data  000000
__Hfarbss                            farbss       000000
__Hfardata                           fardata      000000
__Hheap                              heap         000000
__Hibigdata                          ibigdata     000000
__Hidata                             idata        000000
__HidataBANK0                        idataBANK0   000000
__HidataBANK1                        idataBANK1   000000
__Hidloc                             idloc        000000
__Hifardata                          ifardata     000000
__Hinit                              init         0001B0
__Hintcode                           intcode      00000E
__Hintcode_body                      intcode_body 000000
__Hintcodelo                         intcodelo    0001AC
__Hintentry                          intentry     000000
__Hintret                            intret       000000
__Hintsave_regs                      intsave_regs 000000
__Hirdata                            irdata       000000
__Hmediumconst                       mediumconst  000000
__HnvFARRAM                          nvFARRAM     000000
__Hnvbit                             nvbit        000000
__Hnvrram                            nvrram       000000
__Hparam                             rparam       000000
__Hpowerup                           powerup      0001AC
__Hram                               ram          000000
__Hramtop                            ramtop       000600
__Hrbit                              rbit         000000
__Hrbss                              rbss         000000
__Hrdata                             rdata        000000
__Hreset_vec                         reset_vec    000004
__Hrparam                            rparam       000000
__Hsfr                               sfr          000000
__Hsivt_hi                           sivt_hi      000000
__Hsivt_lo                           sivt_lo      000000
__Hsmallconst                        smallconst   000606
__Hspace_0                           (abs)        003184
__Hspace_1                           (abs)        00033D
__Hspace_2                           (abs)        000000
__Hspace_4                           (abs)        60000E
__Hstack                             stack        000000
__Hstruct                            struct       000000
__Htemp                              temp         00007A
__Htext                              text         000000
__Htext0                             text0        000000
__Htext1                             text1        000000
__Htext10                            text10       000000
__Htext11                            text11       000000
__Htext12                            text12       000000
__Htext13                            text13       000000
__Htext14                            text14       000000
__Htext15                            text15       000000
__Htext16                            text16       000000
__Htext17                            text17       000000
__Htext18                            text18       000000
__Htext19                            text19       000000
__Htext2                             text2        000000
__Htext20                            text20       000000
__Htext21                            text21       000000
__Htext22                            text22       000000
__Htext24                            text24       000000
__Htext25                            text25       000000
__Htext26                            text26       000000
__Htext27                            text27       000000
__Htext28                            text28       000000
__Htext29                            text29       000000
__Htext3                             text3        000000
__Htext30                            text30       000000
__Htext31                            text31       000000
__Htext32                            text32       000000
__Htext33                            text33       000000
__Htext34                            text34       000000
__Htext35                            text35       000000
__Htext36                            text36       000000
__Htext4                             text4        000000
__Htext5                             text5        000000
__Htext6                             text6        000000
__Htext7                             text7        000000
__Htext8                             text8        000000
__Htext9                             text9        000000
__LRAM                               (abs)        000001
__L__absolute__                      __absolute__ 000000
__Labs1                              abs1         000000
__Lbank0                             bank0        000000
__Lbank1                             bank1        000000
__Lbank2                             bank2        000000
__Lbank3                             bank3        000000
__Lbank4                             bank4        000000
__Lbank5                             bank5        000000
__Lbigbss                            bigbss       000000
__Lbigdata                           bigdata      000000
__Lbigram                            bigram       000000
__Lbigsfr                            bigsfr       000000
__Lbss                               bss          000000
__LbssBANK0                          bssBANK0     000000
__LbssBANK1                          bssBANK1     000000
__LbssBIGRAM                         bssBIGRAM    000000
__LbssCOMRAM                         bssCOMRAM    000000
__Lcinit                             cinit        000000
__Lclrtext                           clrtext      000000
__Lcomram                            comram       000000
__Lconfig                            config       000000
__Lconst                             const        000000
__LcstackBANK0                       cstackBANK0  000000
__LcstackBANK1                       cstackBANK1  000000
__LcstackCOMRAM                      cstackCOMRAM 000000
__Ldata                              data         000000
__LdataBANK0                         dataBANK0    000000
__LdataBANK1                         dataBANK1    000000
__Leeprom_data                       eeprom_data  000000
__Lfarbss                            farbss       000000
__Lfardata                           fardata      000000
__Lheap                              heap         000000
__Libigdata                          ibigdata     000000
__Lidata                             idata        000000
__LidataBANK0                        idataBANK0   000000
__LidataBANK1                        idataBANK1   000000
__Lidloc                             idloc        000000
__Lifardata                          ifardata     000000
__Linit                              init         0001AC
__Lintcode                           intcode      000008
__Lintcode_body                      intcode_body 000000
__Lintcodelo                         intcodelo    000018
__Lintentry                          intentry     000000
__Lintret                            intret       000000
__Lintsave_regs                      intsave_regs 000000
__Lirdata                            irdata       000000
__Lmediumconst                       mediumconst  000000
__LnvFARRAM                          nvFARRAM     000000
__Lnvbit                             nvbit        000000
__Lnvrram                            nvrram       000000
__Lparam                             rparam       000000
__Lpowerup                           powerup      0001AC
__Lram                               ram          000000
__Lramtop                            ramtop       000600
__Lrbit                              rbit         000000
__Lrbss                              rbss         000000
__Lrdata                             rdata        000000
__Lreset_vec                         reset_vec    000000
__Lrparam                            rparam       000000
__Lsfr                               sfr          000000
__Lsivt_hi                           sivt_hi      000000
__Lsivt_lo                           sivt_lo      000000
__Lsmallconst                        smallconst   000600
__Lspace_0                           (abs)        000000
__Lspace_1                           (abs)        000000
__Lspace_2                           (abs)        000000
__Lspace_4                           (abs)        000000
__Lstack                             stack        000000
__Lstruct                            struct       000000
__Ltemp                              temp         000079
__Ltext                              text         000000
__Ltext0                             text0        000000
__Ltext1                             text1        000000
__Ltext10                            text10       000000
__Ltext11                            text11       000000
__Ltext12                            text12       000000
__Ltext13                            text13       000000
__Ltext14                            text14       000000
__Ltext15                            text15       000000
__Ltext16                            text16       000000
__Ltext17                            text17       000000
__Ltext18                            text18       000000
__Ltext19                            text19       000000
__Ltext2                             text2        000000
__Ltext20                            text20       000000
__Ltext21                            text21       000000
__Ltext22                            text22       000000
__Ltext24                            text24       000000
__Ltext25                            text25       000000
__Ltext26                            text26       000000
__Ltext27                            text27       000000
__Ltext28                            text28       000000
__Ltext29                            text29       000000
__Ltext3                             text3        000000
__Ltext30                            text30       000000
__Ltext31                            text31       000000
__Ltext32                            text32       000000
__Ltext33                            text33       000000
__Ltext34                            text34       000000
__Ltext35                            text35       000000
__Ltext36                            text36       000000
__Ltext4                             text4        000000
__Ltext5                             text5        000000
__Ltext6                             text6        000000
__Ltext7                             text7        000000
__Ltext8                             text8        000000
__Ltext9                             text9        000000
__S0                                 (abs)        003184
__S1                                 (abs)        00033D
__S4                                 (abs)        000000
__S5                                 (abs)        000000
___fladd                             text16       000606
___fladd@a                           cstackBANK0  0000C8
___fladd@aexp                        cstackBANK1  000192
___fladd@b                           cstackBANK0  0000C4
___fladd@bexp                        cstackBANK1  000193
___fladd@grs                         cstackBANK1  000194
___fladd@signs                       cstackBANK1  000191
___fldiv                             text15       00185E
___fldiv@a                           cstackBANK0  0000BC
___fldiv@aexp                        cstackBANK1  00018C
___fldiv@b                           cstackBANK0  0000B8
___fldiv@bexp                        cstackBANK1  00018B
___fldiv@grs                         cstackBANK1  000187
___fldiv@new_exp                     cstackBANK1  000185
___fldiv@rem                         cstackBANK1  000180
___fldiv@sign                        cstackBANK1  000184
___flmul                             text14       001010
___flmul@a                           cstackBANK0  0000A3
___flmul@aexp                        cstackBANK0  0000B0
___flmul@b                           cstackBANK0  00009F
___flmul@bexp                        cstackBANK0  0000B1
___flmul@grs                         cstackBANK0  0000AC
___flmul@prod                        cstackBANK0  0000B2
___flmul@sign                        cstackBANK0  0000AB
___flmul@temp                        cstackBANK0  0000B6
___fltol                             text13       002AFC
___fltol@exp1                        cstackBANK1  00019E
___fltol@f1                          cstackBANK1  000195
___fltol@sign1                       cstackBANK1  00019D
___heap_hi                           (abs)        000000
___heap_lo                           (abs)        000000
___inthi_sp                          stack        000000
___inthi_stack_hi                    stack        000000
___inthi_stack_lo                    stack        000000
___intlo_sp                          stack        000000
___intlo_stack_hi                    stack        000000
___intlo_stack_lo                    stack        000000
___param_bank                        (abs)        000000
___rparam_used                       (abs)        000001
___sp                                stack        000000
___stack_hi                          stack        000000
___stack_lo                          stack        000000
___xxtofl                            text12       002264
___xxtofl@arg                        cstackBANK0  0000A9
___xxtofl@exp                        cstackBANK0  0000A8
___xxtofl@sign                       cstackBANK0  0000A7
___xxtofl@val                        cstackBANK0  00009F
__accesstop                          (abs)        000080
__activetblptr                       (abs)        000001
__end_of_AdcEnableInterrupt          text22       0030D8
__end_of_AdcInitialize               text21       003038
__end_of_ButtonInitialize            text20       0030C2
__end_of_ComponentInitialize         text4        002264
__end_of_HighIsr                     intcode_body 00307A
__end_of_InterruptInitialize         text19       003180
__end_of_LedInitialize               text18       003126
__end_of_LowIsr                      intcodelo    0001AC
__end_of_OscillatorInitialize        text3        003178
__end_of_PWMInitialize               text9        002FF0
__end_of_PWMSetDutyCycle             text2        00273E
__end_of_PWMSetPeriod                text11       002DD2
__end_of_RxEnableInterrupt           text8        003116
__end_of_SetBaudRate                 text7        00315C
__end_of_SystemInitialize            text1        002EC0
__end_of_Timer2GetPrescaler          text17       003166
__end_of_Timer2Initialize            text10       0029F0
__end_of_TxEnableInterrupt           text6        003102
__end_of_UartClearBuffer             text36       003144
__end_of_UartCopyBufferToString      text35       002F12
__end_of_UartGetChar                 text34       0030A2
__end_of_UartInitialize              text5        002F5E
__end_of_UartReceiveChar             text32       002FA8
__end_of_UartSendChar                text33       0030EE
__end_of___fladd                     text16       000B5A
__end_of___fldiv                     text15       001C82
__end_of___flmul                     text14       001438
__end_of___fltol                     text13       002C04
__end_of___xxtofl                    text12       00241C
__end_of__initialization             cinit        002E4C
__end_of_atoi                        text31       002AFC
__end_of_main                        text0        003150
__end_ofi1_PWMSetDutyCycle           text25       0028A4
__end_ofi1_Timer2GetPrescaler        text30       003170
__end_ofi1___fladd                   text24       001010
__end_ofi1___fldiv                   text29       002012
__end_ofi1___flmul                   text28       00185E
__end_ofi1___fltol                   text27       002D0A
__end_ofi1___xxtofl                  text26       0025D0
__initialization                     cinit        002DD2
__mediumconst                        mediumconst  000000
__pbssBANK0                          bssBANK0     0000DB
__pbssBANK1                          bssBANK1     000100
__pbssBIGRAM                         bssBIGRAM    0001D5
__pbssCOMRAM                         bssCOMRAM    00006F
__pcinit                             cinit        002DD2
__pcstackBANK0                       cstackBANK0  000080
__pcstackBANK1                       cstackBANK1  000180
__pcstackCOMRAM                      cstackCOMRAM 000001
__pdataBANK0                         dataBANK0    0000CC
__pdataBANK1                         dataBANK1    0001D1
__pidataBANK0                        idataBANK0   003126
__pidataBANK1                        idataBANK1   003180
__pintcode                           intcode      000008
__pintcode_body                      intcode_body 003038
__pintcodelo                         intcodelo    000018
__psmallconst                        smallconst   000600
__ptext0                             text0        003144
__ptext1                             text1        002E5E
__ptext10                            text10       0028A4
__ptext11                            text11       002D0A
__ptext12                            text12       002264
__ptext13                            text13       002AFC
__ptext14                            text14       001010
__ptext15                            text15       00185E
__ptext16                            text16       000606
__ptext17                            text17       00315C
__ptext18                            text18       003116
__ptext19                            text19       003178
__ptext2                             text2        0025D0
__ptext20                            text20       0030A2
__ptext21                            text21       002FF0
__ptext22                            text22       0030C2
__ptext24                            text24       000B5A
__ptext25                            text25       00273E
__ptext26                            text26       00241C
__ptext27                            text27       002C04
__ptext28                            text28       001438
__ptext29                            text29       001C82
__ptext3                             text3        003170
__ptext30                            text30       003166
__ptext31                            text31       0029F0
__ptext32                            text32       002F5E
__ptext33                            text33       0030D8
__ptext34                            text34       00307A
__ptext35                            text35       002EC0
__ptext36                            text36       003136
__ptext4                             text4        002012
__ptext5                             text5        002F12
__ptext6                             text6        0030EE
__ptext7                             text7        003150
__ptext8                             text8        003102
__ptext9                             text9        002FA8
__ramtop                             ramtop       000600
__smallconst                         smallconst   000600
_atoi                                text31       0029F0
_duty_cycle_us                       dataBANK0    0000D9
_flag                                bssCOMRAM    000073
_main                                text0        003144
_pitch_duty_cycles                   bssBIGRAM    0001D5
_prev_adc_val                        bssBANK0     0000DF
_start_val                           bssBANK0     0000DB
_state                               bssBANK0     0000DD
_uart_buffer                         bssBANK1     000100
_uart_buffer_idx                     bssCOMRAM    000075
atoi@n                               cstackCOMRAM 000007
atoi@neg                             cstackCOMRAM 000006
atoi@s                               cstackCOMRAM 000001
btemp                                temp         000079
end_of_initialization                cinit        002E4C
i1PWMSetDutyCycle@duty_cycle_us      cstackCOMRAM 00004B
i1PWMSetDutyCycle@prescaler          cstackCOMRAM 00005C
i1PWMSetDutyCycle@val                cstackCOMRAM 00005E
i1_PWMSetDutyCycle                   text25       00273E
i1_PWMSetDutyCycle$2193              cstackCOMRAM 000058
i1_Timer2GetPrescaler                text30       003166
i1___fladd                           text24       000B5A
i1___fladd@a                         cstackCOMRAM 000045
i1___fladd@aexp                      cstackCOMRAM 00004E
i1___fladd@b                         cstackCOMRAM 000041
i1___fladd@bexp                      cstackCOMRAM 00004F
i1___fladd@grs                       cstackCOMRAM 000050
i1___fladd@signs                     cstackCOMRAM 00004D
i1___fldiv                           text29       001C82
i1___fldiv@a                         cstackCOMRAM 00002C
i1___fldiv@aexp                      cstackCOMRAM 000040
i1___fldiv@b                         cstackCOMRAM 000028
i1___fldiv@bexp                      cstackCOMRAM 00003F
i1___fldiv@grs                       cstackCOMRAM 00003B
i1___fldiv@new_exp                   cstackCOMRAM 000039
i1___fldiv@rem                       cstackCOMRAM 000034
i1___fldiv@sign                      cstackCOMRAM 000038
i1___flmul                           text28       001438
i1___flmul@a                         cstackCOMRAM 000013
i1___flmul@aexp                      cstackCOMRAM 000020
i1___flmul@b                         cstackCOMRAM 00000F
i1___flmul@bexp                      cstackCOMRAM 000021
i1___flmul@grs                       cstackCOMRAM 00001C
i1___flmul@prod                      cstackCOMRAM 000022
i1___flmul@sign                      cstackCOMRAM 00001B
i1___flmul@temp                      cstackCOMRAM 000026
i1___fltol                           text27       002C04
i1___fltol@exp1                      cstackCOMRAM 00004A
i1___fltol@f1                        cstackCOMRAM 000041
i1___fltol@sign1                     cstackCOMRAM 000049
i1___xxtofl                          text26       00241C
i1___xxtofl@arg                      cstackCOMRAM 00000B
i1___xxtofl@exp                      cstackCOMRAM 00000A
i1___xxtofl@sign                     cstackCOMRAM 000009
i1___xxtofl@val                      cstackCOMRAM 000001
int$flags                            temp         000079
int_func                             intcode_body 003038
intlevel0                            text         000000
intlevel1                            text         000000
intlevel2                            text         000000
intlevel3                            text         000000
isa$std                              (abs)        000001
isa$xinst                            (abs)        000000
stackhi                              (abs)        000000
stacklo                              (abs)        000000
start                                init         0001AC
start_initialization                 cinit        002DD2
ttemp5                               temp         00007A
ttemp6                               temp         00007D
ttemp7                               temp         000081
wtemp8                               temp         00007A


MODULE INFORMATION

Module		Function		Class		Link	Load	Size
utils/ccp.c
		_PWMInitialize 		CODE           	2FA8	0000	72
		_PWMSetPeriod  		CODE           	2D0A	0000	200
		_PWMSetDutyCycle		CODE           	25D0	0000	366

utils/ccp.c estimated size: 638

utils/timer.c
		_Timer2Initialize		CODE           	28A4	0000	332
		_Timer2GetPrescaler		CODE           	315C	0000	10

utils/timer.c estimated size: 342

utils/led.c
		_LedInitialize 		CODE           	3116	0000	16

utils/led.c estimated size: 16

/Applications/microchip/xc8/v2.50/pic/sources/c99/common/sprcadd.c
		___fladd       		CODE           	0606	0000	1364

/Applications/microchip/xc8/v2.50/pic/sources/c99/common/sprcadd.c estimated size: 1364

/Applications/microchip/xc8/v2.50/pic/sources/c99/common/fltol.c
		___fltol       		CODE           	2AFC	0000	264

/Applications/microchip/xc8/v2.50/pic/sources/c99/common/fltol.c estimated size: 264

/Applications/microchip/xc8/v2.50/pic/sources/c99/common/xxtofl.c
		___xxtofl      		CODE           	2264	0000	440

/Applications/microchip/xc8/v2.50/pic/sources/c99/common/xxtofl.c estimated size: 440

/Applications/microchip/xc8/v2.50/pic/sources/c99/common/atoi.c
		_atoi          		CODE           	29F0	0000	268

/Applications/microchip/xc8/v2.50/pic/sources/c99/common/atoi.c estimated size: 268

utils/interrupt_manager.c
		_InterruptInitialize		CODE           	3178	0000	8
		_ButtonInitialize		CODE           	30A2	0000	32

utils/interrupt_manager.c estimated size: 40

shared
		i1_PWMSetDutyCycle		CODE           	273E	0000	358
		i1___fladd     		CODE           	0B5A	0000	1206
		i1___fldiv     		CODE           	1C82	0000	912
		i1___fltol     		CODE           	2C04	0000	262
		__initialization		CODE           	2DD2	0000	122
		i1___flmul     		CODE           	1438	0000	1062
		i1___xxtofl    		CODE           	241C	0000	436
		i1_Timer2GetPrescaler		CODE           	3166	0000	10

shared estimated size: 4368

utils/adc.c
		_AdcInitialize 		CODE           	2FF0	0000	72
		_AdcEnableInterrupt		CODE           	30C2	0000	22

utils/adc.c estimated size: 94

utils/settings.c
		_ComponentInitialize		CODE           	2012	0000	594
		_OscillatorInitialize		CODE           	3170	0000	8

utils/settings.c estimated size: 602

utils/uart.c
		_RxEnableInterrupt		CODE           	3102	0000	20
		_TxEnableInterrupt		CODE           	30EE	0000	20
		_UartReceiveChar		CODE           	2F5E	0000	74
		_UartCopyBufferToString		CODE           	2EC0	0000	82
		_SetBaudRate   		CODE           	3150	0000	12
		_UartClearBuffer		CODE           	3136	0000	14
		_UartSendChar  		CODE           	30D8	0000	22
		_UartGetChar   		CODE           	307A	0000	40
		_UartInitialize		CODE           	2F12	0000	76

utils/uart.c estimated size: 360

/Applications/microchip/xc8/v2.50/pic/sources/c99/common/sprcmul.c
		___flmul       		CODE           	1010	0000	1064

/Applications/microchip/xc8/v2.50/pic/sources/c99/common/sprcmul.c estimated size: 1064

main.c
		_HighIsr       		CODE           	0008	0000	72
		_main          		CODE           	3144	0000	12
		_LowIsr        		CODE           	0018	0000	404
		_SystemInitialize		CODE           	2E5E	0000	98

main.c estimated size: 586

/Applications/microchip/xc8/v2.50/pic/sources/c99/common/sprcdiv.c
		___fldiv       		CODE           	185E	0000	1060

/Applications/microchip/xc8/v2.50/pic/sources/c99/common/sprcdiv.c estimated size: 1060

